0 verbose cli /opt/homebrew/Cellar/node/26.0.0/bin/node /opt/homebrew/bin/npm
1 info using npm@11.12.1
2 info using node@v26.0.0
3 silly config load:file:/opt/homebrew/lib/node_modules/npm/npmrc
4 silly config load:file:/Users/sardor/Work/startap/dashboard/Oson-Uy-Dashboard/.npmrc
5 silly config load:file:/Users/sardor/.npmrc
6 silly config load:file:/opt/homebrew/etc/npmrc
7 verbose title npm install xlsx recharts
8 verbose argv "install" "xlsx" "recharts"
9 verbose logfile logs-max:10 dir:/Users/sardor/Work/startap/dashboard/Oson-Uy-Dashboard/d:\npm-cache/_logs/2026-06-03T18_47_30_899Z-
10 verbose logfile /Users/sardor/Work/startap/dashboard/Oson-Uy-Dashboard/d:\npm-cache/_logs/2026-06-03T18_47_30_899Z-debug-0.log
11 silly logfile done cleaning log files
12 silly packumentCache heap:4395630592 maxSize:1098907648 maxEntrySize:549453824
13 silly idealTree buildDeps
14 silly fetch manifest recharts@^3.8.1
15 silly packumentCache full:https://registry.npmjs.org/recharts cache-miss
16 http fetch GET 200 https://registry.npmjs.org/recharts 1033ms (cache miss)
17 silly packumentCache full:https://registry.npmjs.org/recharts set size:undefined disposed:false
18 silly fetch manifest react@19.2.4
19 silly packumentCache full:https://registry.npmjs.org/react cache-miss
20 http fetch GET 200 https://registry.npmjs.org/react 921ms (cache miss)
21 silly packumentCache full:https://registry.npmjs.org/react set size:undefined disposed:false
22 silly fetch manifest react-dom@19.2.4
23 silly packumentCache full:https://registry.npmjs.org/react-dom cache-miss
24 http fetch GET 200 https://registry.npmjs.org/react-dom 465ms (cache miss)
25 silly packumentCache full:https://registry.npmjs.org/react-dom set size:undefined disposed:false
26 silly fetch manifest react-is@^16.8.0 || ^17.0.0 || ^18.0.0 || ^19.0.0
27 silly packumentCache full:https://registry.npmjs.org/react-is cache-miss
28 http fetch GET 200 https://registry.npmjs.org/react-is 386ms (cache miss)
29 silly packumentCache full:https://registry.npmjs.org/react-is set size:undefined disposed:false
30 silly fetch manifest xlsx@^0.18.5
31 silly packumentCache full:https://registry.npmjs.org/xlsx cache-miss
32 http fetch GET 200 https://registry.npmjs.org/xlsx 359ms (cache miss)
33 silly packumentCache full:https://registry.npmjs.org/xlsx set size:undefined disposed:false
34 silly placeDep ROOT recharts@3.8.1 REPLACE for: my-app@0.1.0 want: ^3.8.1
35 silly placeDep ROOT xlsx@0.18.5 REPLACE for: my-app@0.1.0 want: ^0.18.5
36 silly reify moves {}
37 silly audit bulk request {
37 silly audit   '@alloc/quick-lru': [ '5.2.0' ],
37 silly audit   '@babel/code-frame': [ '7.29.0' ],
37 silly audit   '@babel/compat-data': [ '7.29.0' ],
37 silly audit   '@babel/core': [ '7.29.0' ],
37 silly audit   '@babel/generator': [ '7.29.1' ],
37 silly audit   '@babel/helper-compilation-targets': [ '7.28.6' ],
37 silly audit   '@babel/helper-globals': [ '7.28.0' ],
37 silly audit   '@babel/helper-module-imports': [ '7.28.6' ],
37 silly audit   '@babel/helper-module-transforms': [ '7.28.6' ],
37 silly audit   '@babel/helper-string-parser': [ '7.27.1' ],
37 silly audit   '@babel/helper-validator-identifier': [ '7.28.5' ],
37 silly audit   '@babel/helper-validator-option': [ '7.27.1' ],
37 silly audit   '@babel/helpers': [ '7.29.2' ],
37 silly audit   '@babel/parser': [ '7.29.2' ],
37 silly audit   '@babel/template': [ '7.28.6' ],
37 silly audit   '@babel/traverse': [ '7.29.0' ],
37 silly audit   '@babel/types': [ '7.29.0' ],
37 silly audit   '@emnapi/core': [ '1.10.0' ],
37 silly audit   '@emnapi/runtime': [ '1.10.0' ],
37 silly audit   '@emnapi/wasi-threads': [ '1.2.1' ],
37 silly audit   '@eslint-community/eslint-utils': [ '4.9.1' ],
37 silly audit   'eslint-visitor-keys': [ '3.4.3', '5.0.1', '4.2.1' ],
37 silly audit   '@eslint-community/regexpp': [ '4.12.2' ],
37 silly audit   '@eslint/config-array': [ '0.21.2' ],
37 silly audit   '@eslint/config-helpers': [ '0.4.2' ],
37 silly audit   '@eslint/core': [ '0.17.0' ],
37 silly audit   '@eslint/eslintrc': [ '3.3.5' ],
37 silly audit   '@eslint/js': [ '9.39.4' ],
37 silly audit   '@eslint/object-schema': [ '2.1.7' ],
37 silly audit   '@eslint/plugin-kit': [ '0.4.1' ],
37 silly audit   '@formatjs/fast-memoize': [ '3.1.3' ],
37 silly audit   '@formatjs/icu-messageformat-parser': [ '3.5.6' ],
37 silly audit   '@formatjs/icu-skeleton-parser': [ '2.1.6' ],
37 silly audit   '@formatjs/intl-localematcher': [ '0.8.5' ],
37 silly audit   '@humanfs/core': [ '0.19.2' ],
37 silly audit   '@humanfs/node': [ '0.16.8' ],
37 silly audit   '@humanfs/types': [ '0.15.0' ],
37 silly audit   '@humanwhocodes/module-importer': [ '1.0.1' ],
37 silly audit   '@humanwhocodes/retry': [ '0.4.3' ],
37 silly audit   '@img/colour': [ '1.1.0' ],
37 silly audit   '@img/sharp-darwin-arm64': [ '0.34.5' ],
37 silly audit   '@img/sharp-darwin-x64': [ '0.34.5' ],
37 silly audit   '@img/sharp-libvips-darwin-arm64': [ '1.2.4' ],
37 silly audit   '@img/sharp-libvips-darwin-x64': [ '1.2.4' ],
37 silly audit   '@img/sharp-libvips-linux-arm': [ '1.2.4' ],
37 silly audit   '@img/sharp-libvips-linux-arm64': [ '1.2.4' ],
37 silly audit   '@img/sharp-libvips-linux-ppc64': [ '1.2.4' ],
37 silly audit   '@img/sharp-libvips-linux-riscv64': [ '1.2.4' ],
37 silly audit   '@img/sharp-libvips-linux-s390x': [ '1.2.4' ],
37 silly audit   '@img/sharp-libvips-linux-x64': [ '1.2.4' ],
37 silly audit   '@img/sharp-libvips-linuxmusl-arm64': [ '1.2.4' ],
37 silly audit   '@img/sharp-libvips-linuxmusl-x64': [ '1.2.4' ],
37 silly audit   '@img/sharp-linux-arm': [ '0.34.5' ],
37 silly audit   '@img/sharp-linux-arm64': [ '0.34.5' ],
37 silly audit   '@img/sharp-linux-ppc64': [ '0.34.5' ],
37 silly audit   '@img/sharp-linux-riscv64': [ '0.34.5' ],
37 silly audit   '@img/sharp-linux-s390x': [ '0.34.5' ],
37 silly audit   '@img/sharp-linux-x64': [ '0.34.5' ],
37 silly audit   '@img/sharp-linuxmusl-arm64': [ '0.34.5' ],
37 silly audit   '@img/sharp-linuxmusl-x64': [ '0.34.5' ],
37 silly audit   '@img/sharp-wasm32': [ '0.34.5' ],
37 silly audit   '@img/sharp-win32-arm64': [ '0.34.5' ],
37 silly audit   '@img/sharp-win32-ia32': [ '0.34.5' ],
37 silly audit   '@img/sharp-win32-x64': [ '0.34.5' ],
37 silly audit   '@jridgewell/gen-mapping': [ '0.3.13' ],
37 silly audit   '@jridgewell/remapping': [ '2.3.5' ],
37 silly audit   '@jridgewell/resolve-uri': [ '3.1.2' ],
37 silly audit   '@jridgewell/sourcemap-codec': [ '1.5.5' ],
37 silly audit   '@jridgewell/trace-mapping': [ '0.3.31' ],
37 silly audit   '@napi-rs/wasm-runtime': [ '0.2.12' ],
37 silly audit   '@next/env': [ '16.2.4' ],
37 silly audit   '@next/eslint-plugin-next': [ '16.2.4' ],
37 silly audit   '@next/swc-darwin-arm64': [ '16.2.4' ],
37 silly audit   '@next/swc-darwin-x64': [ '16.2.4' ],
37 silly audit   '@next/swc-linux-arm64-gnu': [ '16.2.4' ],
37 silly audit   '@next/swc-linux-arm64-musl': [ '16.2.4' ],
37 silly audit   '@next/swc-linux-x64-gnu': [ '16.2.4' ],
37 silly audit   '@next/swc-linux-x64-musl': [ '16.2.4' ],
37 silly audit   '@next/swc-win32-arm64-msvc': [ '16.2.4' ],
37 silly audit   '@next/swc-win32-x64-msvc': [ '16.2.4' ],
37 silly audit   '@nodelib/fs.scandir': [ '2.1.5' ],
37 silly audit   '@nodelib/fs.stat': [ '2.0.5' ],
37 silly audit   '@nodelib/fs.walk': [ '1.2.8' ],
37 silly audit   '@nolyfill/is-core-module': [ '1.0.39' ],
37 silly audit   '@parcel/watcher': [ '2.5.6' ],
37 silly audit   '@parcel/watcher-android-arm64': [ '2.5.6' ],
37 silly audit   '@parcel/watcher-darwin-arm64': [ '2.5.6' ],
37 silly audit   '@parcel/watcher-darwin-x64': [ '2.5.6' ],
37 silly audit   '@parcel/watcher-freebsd-x64': [ '2.5.6' ],
37 silly audit   '@parcel/watcher-linux-arm-glibc': [ '2.5.6' ],
37 silly audit   '@parcel/watcher-linux-arm-musl': [ '2.5.6' ],
37 silly audit   '@parcel/watcher-linux-arm64-glibc': [ '2.5.6' ],
37 silly audit   '@parcel/watcher-linux-arm64-musl': [ '2.5.6' ],
37 silly audit   '@parcel/watcher-linux-x64-glibc': [ '2.5.6' ],
37 silly audit   '@parcel/watcher-linux-x64-musl': [ '2.5.6' ],
37 silly audit   '@parcel/watcher-win32-arm64': [ '2.5.6' ],
37 silly audit   '@parcel/watcher-win32-ia32': [ '2.5.6' ],
37 silly audit   '@parcel/watcher-win32-x64': [ '2.5.6' ],
37 silly audit   picomatch: [ '4.0.4', '2.3.2' ],
37 silly audit   '@reduxjs/toolkit': [ '2.12.0' ],
37 silly audit   immer: [ '11.1.8', '10.2.0' ],
37 silly audit   '@rtsao/scc': [ '1.1.0' ],
37 silly audit   '@schummar/icu-type-parser': [ '1.21.5' ],
37 silly audit   '@standard-schema/spec': [ '1.1.0' ],
37 silly audit   '@standard-schema/utils': [ '0.3.0' ],
37 silly audit   '@swc/core': [ '1.15.32' ],
37 silly audit   '@swc/core-darwin-arm64': [ '1.15.32' ],
37 silly audit   '@swc/core-darwin-x64': [ '1.15.32' ],
37 silly audit   '@swc/core-linux-arm-gnueabihf': [ '1.15.32' ],
37 silly audit   '@swc/core-linux-arm64-gnu': [ '1.15.32' ],
37 silly audit   '@swc/core-linux-arm64-musl': [ '1.15.32' ],
37 silly audit   '@swc/core-linux-ppc64-gnu': [ '1.15.32' ],
37 silly audit   '@swc/core-linux-s390x-gnu': [ '1.15.32' ],
37 silly audit   '@swc/core-linux-x64-gnu': [ '1.15.32' ],
37 silly audit   '@swc/core-linux-x64-musl': [ '1.15.32' ],
37 silly audit   '@swc/core-win32-arm64-msvc': [ '1.15.32' ],
37 silly audit   '@swc/core-win32-ia32-msvc': [ '1.15.32' ],
37 silly audit   '@swc/core-win32-x64-msvc': [ '1.15.32' ],
37 silly audit   '@swc/counter': [ '0.1.3' ],
37 silly audit   '@swc/types': [ '0.1.26' ],
37 silly audit   '@tailwindcss/node': [ '4.2.4' ],
37 silly audit   '@tailwindcss/oxide': [ '4.2.4' ],
37 silly audit   '@tailwindcss/oxide-android-arm64': [ '4.2.4' ],
37 silly audit   '@tailwindcss/oxide-darwin-arm64': [ '4.2.4' ],
37 silly audit   '@tailwindcss/oxide-darwin-x64': [ '4.2.4' ],
37 silly audit   '@tailwindcss/oxide-freebsd-x64': [ '4.2.4' ],
37 silly audit   '@tailwindcss/oxide-linux-arm-gnueabihf': [ '4.2.4' ],
37 silly audit   '@tailwindcss/oxide-linux-arm64-gnu': [ '4.2.4' ],
37 silly audit   '@tailwindcss/oxide-linux-arm64-musl': [ '4.2.4' ],
37 silly audit   '@tailwindcss/oxide-linux-x64-gnu': [ '4.2.4' ],
37 silly audit   '@tailwindcss/oxide-linux-x64-musl': [ '4.2.4' ],
37 silly audit   '@tailwindcss/oxide-wasm32-wasi': [ '4.2.4' ],
37 silly audit   '@tailwindcss/oxide-win32-arm64-msvc': [ '4.2.4' ],
37 silly audit   '@tailwindcss/oxide-win32-x64-msvc': [ '4.2.4' ],
37 silly audit   '@tailwindcss/postcss': [ '4.2.4' ],
37 silly audit   '@tanstack/react-virtual': [ '3.14.2' ],
37 silly audit   '@tanstack/virtual-core': [ '3.17.0' ],
37 silly audit   '@tybys/wasm-util': [ '0.10.1' ],
37 silly audit   '@types/d3-array': [ '3.2.2' ],
37 silly audit   '@types/d3-color': [ '3.1.3' ],
37 silly audit   '@types/d3-ease': [ '3.0.2' ],
37 silly audit   '@types/d3-interpolate': [ '3.0.4' ],
37 silly audit   '@types/d3-path': [ '3.1.1' ],
37 silly audit   '@types/d3-scale': [ '4.0.9' ],
37 silly audit   '@types/d3-shape': [ '3.1.8' ],
37 silly audit   '@types/d3-time': [ '3.0.4' ],
37 silly audit   '@types/d3-timer': [ '3.0.2' ],
37 silly audit   '@types/estree': [ '1.0.8' ],
37 silly audit   '@types/json-schema': [ '7.0.15' ],
37 silly audit   '@types/json5': [ '0.0.29' ],
37 silly audit   '@types/node': [ '20.19.39' ],
37 silly audit   '@types/react': [ '19.2.14' ],
37 silly audit   '@types/react-dom': [ '19.2.3' ],
37 silly audit   '@types/use-sync-external-store': [ '0.0.6' ],
37 silly audit   '@typescript-eslint/eslint-plugin': [ '8.59.0' ],
37 silly audit   ignore: [ '7.0.5', '5.3.2' ],
37 silly audit   '@typescript-eslint/parser': [ '8.59.0' ],
37 silly audit   '@typescript-eslint/project-service': [ '8.59.0' ],
37 silly audit   '@typescript-eslint/scope-manager': [ '8.59.0' ],
37 silly audit   '@typescript-eslint/tsconfig-utils': [ '8.59.0' ],
37 silly audit   '@typescript-eslint/type-utils': [ '8.59.0' ],
37 silly audit   '@typescript-eslint/types': [ '8.59.0' ],
37 silly audit   '@typescript-eslint/typescript-estree': [ '8.59.0' ],
37 silly audit   'balanced-match': [ '4.0.4', '1.0.2' ],
37 silly audit   'brace-expansion': [ '5.0.5', '1.1.14' ],
37 silly audit   minimatch: [ '10.2.5', '3.1.5' ],
37 silly audit   semver: [ '7.7.4', '6.3.1' ],
37 silly audit   '@typescript-eslint/utils': [ '8.59.0' ],
37 silly audit   '@typescript-eslint/visitor-keys': [ '8.59.0' ],
37 silly audit   '@unrs/resolver-binding-android-arm-eabi': [ '1.11.1' ],
37 silly audit   '@unrs/resolver-binding-android-arm64': [ '1.11.1' ],
37 silly audit   '@unrs/resolver-binding-darwin-arm64': [ '1.11.1' ],
37 silly audit   '@unrs/resolver-binding-darwin-x64': [ '1.11.1' ],
37 silly audit   '@unrs/resolver-binding-freebsd-x64': [ '1.11.1' ],
37 silly audit   '@unrs/resolver-binding-linux-arm-gnueabihf': [ '1.11.1' ],
37 silly audit   '@unrs/resolver-binding-linux-arm-musleabihf': [ '1.11.1' ],
37 silly audit   '@unrs/resolver-binding-linux-arm64-gnu': [ '1.11.1' ],
37 silly audit   '@unrs/resolver-binding-linux-arm64-musl': [ '1.11.1' ],
37 silly audit   '@unrs/resolver-binding-linux-ppc64-gnu': [ '1.11.1' ],
37 silly audit   '@unrs/resolver-binding-linux-riscv64-gnu': [ '1.11.1' ],
37 silly audit   '@unrs/resolver-binding-linux-riscv64-musl': [ '1.11.1' ],
37 silly audit   '@unrs/resolver-binding-linux-s390x-gnu': [ '1.11.1' ],
37 silly audit   '@unrs/resolver-binding-linux-x64-gnu': [ '1.11.1' ],
37 silly audit   '@unrs/resolver-binding-linux-x64-musl': [ '1.11.1' ],
37 silly audit   '@unrs/resolver-binding-wasm32-wasi': [ '1.11.1' ],
37 silly audit   '@unrs/resolver-binding-win32-arm64-msvc': [ '1.11.1' ],
37 silly audit   '@unrs/resolver-binding-win32-ia32-msvc': [ '1.11.1' ],
37 silly audit   '@unrs/resolver-binding-win32-x64-msvc': [ '1.11.1' ],
37 silly audit   acorn: [ '8.16.0' ],
37 silly audit   'acorn-jsx': [ '5.3.2' ],
37 silly audit   'adler-32': [ '1.3.1' ],
37 silly audit   ajv: [ '6.14.0' ],
37 silly audit   'ansi-styles': [ '4.3.0' ],
37 silly audit   argparse: [ '2.0.1' ],
37 silly audit   'aria-query': [ '5.3.2' ],
37 silly audit   'array-buffer-byte-length': [ '1.0.2' ],
37 silly audit   'array-includes': [ '3.1.9' ],
37 silly audit   'array.prototype.findlast': [ '1.2.5' ],
37 silly audit   'array.prototype.findlastindex': [ '1.2.6' ],
37 silly audit   'array.prototype.flat': [ '1.3.3' ],
37 silly audit   'array.prototype.flatmap': [ '1.3.3' ],
37 silly audit   'array.prototype.tosorted': [ '1.1.4' ],
37 silly audit   'arraybuffer.prototype.slice': [ '1.0.4' ],
37 silly audit   'ast-types-flow': [ '0.0.8' ],
37 silly audit   'async-function': [ '1.0.0' ],
37 silly audit   'available-typed-arrays': [ '1.0.7' ],
37 silly audit   'axe-core': [ '4.11.3' ],
37 silly audit   'axobject-query': [ '4.1.0' ],
37 silly audit   'baseline-browser-mapping': [ '2.10.21' ],
37 silly audit   braces: [ '3.0.3' ],
37 silly audit   browserslist: [ '4.28.2' ],
37 silly audit   'call-bind': [ '1.0.9' ],
37 silly audit   'call-bind-apply-helpers': [ '1.0.2' ],
37 silly audit   'call-bound': [ '1.0.4' ],
37 silly audit   callsites: [ '3.1.0' ],
37 silly audit   'caniuse-lite': [ '1.0.30001790' ],
37 silly audit   cfb: [ '1.2.2' ],
37 silly audit   chalk: [ '4.1.2' ],
37 silly audit   'client-only': [ '0.0.1' ],
37 silly audit   clsx: [ '2.1.1' ],
37 silly audit   codepage: [ '1.15.0' ],
37 silly audit   'color-convert': [ '2.0.1' ],
37 silly audit   'color-name': [ '1.1.4' ],
37 silly audit   'concat-map': [ '0.0.1' ],
37 silly audit   'convert-source-map': [ '2.0.0' ],
37 silly audit   'crc-32': [ '1.2.2' ],
37 silly audit   'cross-spawn': [ '7.0.6' ],
37 silly audit   csstype: [ '3.2.3' ],
37 silly audit   'd3-array': [ '3.2.4' ],
37 silly audit   'd3-color': [ '3.1.0' ],
37 silly audit   'd3-ease': [ '3.0.1' ],
37 silly audit   'd3-format': [ '3.1.2' ],
37 silly audit   'd3-interpolate': [ '3.0.1' ],
37 silly audit   'd3-path': [ '3.1.0' ],
37 silly audit   'd3-scale': [ '4.0.2' ],
37 silly audit   'd3-shape': [ '3.2.0' ],
37 silly audit   'd3-time': [ '3.1.0' ],
37 silly audit   'd3-time-format': [ '4.1.0' ],
37 silly audit   'd3-timer': [ '3.0.1' ],
37 silly audit   'damerau-levenshtein': [ '1.0.8' ],
37 silly audit   'data-view-buffer': [ '1.0.2' ],
37 silly audit   'data-view-byte-length': [ '1.0.2' ],
37 silly audit   'data-view-byte-offset': [ '1.0.1' ],
37 silly audit   debug: [ '4.4.3', '3.2.7' ],
37 silly audit   'decimal.js-light': [ '2.5.1' ],
37 silly audit   'deep-is': [ '0.1.4' ],
37 silly audit   'define-data-property': [ '1.1.4' ],
37 silly audit   'define-properties': [ '1.2.1' ],
37 silly audit   'detect-libc': [ '2.1.2' ],
37 silly audit   doctrine: [ '2.1.0' ],
37 silly audit   'dunder-proto': [ '1.0.1' ],
37 silly audit   'electron-to-chromium': [ '1.5.344' ],
37 silly audit   'emoji-regex': [ '9.2.2' ],
37 silly audit   'enhanced-resolve': [ '5.20.1' ],
37 silly audit   'es-abstract': [ '1.24.2' ],
37 silly audit   'es-define-property': [ '1.0.1' ],
37 silly audit   'es-errors': [ '1.3.0' ],
37 silly audit   'es-iterator-helpers': [ '1.3.2' ],
37 silly audit   'es-object-atoms': [ '1.1.1' ],
37 silly audit   'es-set-tostringtag': [ '2.1.0' ],
37 silly audit   'es-shim-unscopables': [ '1.1.0' ],
37 silly audit   'es-to-primitive': [ '1.3.0' ],
37 silly audit   'es-toolkit': [ '1.47.0' ],
37 silly audit   escalade: [ '3.2.0' ],
37 silly audit   'escape-string-regexp': [ '4.0.0' ],
37 silly audit   eslint: [ '9.39.4' ],
37 silly audit   'eslint-config-next': [ '16.2.4' ],
37 silly audit   globals: [ '16.4.0', '14.0.0' ],
37 silly audit   'eslint-import-resolver-node': [ '0.3.10' ],
37 silly audit   'eslint-import-resolver-typescript': [ '3.10.1' ],
37 silly audit   'eslint-module-utils': [ '2.12.1' ],
37 silly audit   'eslint-plugin-import': [ '2.32.0' ],
37 silly audit   'eslint-plugin-jsx-a11y': [ '6.10.2' ],
37 silly audit   'eslint-plugin-react': [ '7.37.5' ],
37 silly audit   'eslint-plugin-react-hooks': [ '7.1.1' ],
37 silly audit   'eslint-scope': [ '8.4.0' ],
37 silly audit   espree: [ '10.4.0' ],
37 silly audit   esquery: [ '1.7.0' ],
37 silly audit   esrecurse: [ '4.3.0' ],
37 silly audit   estraverse: [ '5.3.0' ],
37 silly audit   esutils: [ '2.0.3' ],
37 silly audit   eventemitter3: [ '5.0.4' ],
37 silly audit   'fast-deep-equal': [ '3.1.3' ],
37 silly audit   'fast-glob': [ '3.3.1' ],
37 silly audit   'glob-parent': [ '5.1.2', '6.0.2' ],
37 silly audit   'fast-json-stable-stringify': [ '2.1.0' ],
37 silly audit   'fast-levenshtein': [ '2.0.6' ],
37 silly audit   fastq: [ '1.20.1' ],
37 silly audit   'file-entry-cache': [ '8.0.0' ],
37 silly audit   'fill-range': [ '7.1.1' ],
37 silly audit   'find-up': [ '5.0.0' ],
37 silly audit   'flat-cache': [ '4.0.1' ],
37 silly audit   flatted: [ '3.4.2' ],
37 silly audit   'for-each': [ '0.3.5' ],
37 silly audit   frac: [ '1.1.2' ],
37 silly audit   'framer-motion': [ '12.38.0' ],
37 silly audit   'function-bind': [ '1.1.2' ],
37 silly audit   'function.prototype.name': [ '1.1.8' ],
37 silly audit   'functions-have-names': [ '1.2.3' ],
37 silly audit   'generator-function': [ '2.0.1' ],
37 silly audit   gensync: [ '1.0.0-beta.2' ],
37 silly audit   'get-intrinsic': [ '1.3.0' ],
37 silly audit   'get-proto': [ '1.0.1' ],
37 silly audit   'get-symbol-description': [ '1.1.0' ],
37 silly audit   'get-tsconfig': [ '4.14.0' ],
37 silly audit   globalthis: [ '1.0.4' ],
37 silly audit   gopd: [ '1.2.0' ],
37 silly audit   'graceful-fs': [ '4.2.11' ],
37 silly audit   'has-bigints': [ '1.1.0' ],
37 silly audit   'has-flag': [ '4.0.0' ],
37 silly audit   'has-property-descriptors': [ '1.0.2' ],
37 silly audit   'has-proto': [ '1.2.0' ],
37 silly audit   'has-symbols': [ '1.1.0' ],
37 silly audit   'has-tostringtag': [ '1.0.2' ],
37 silly audit   hasown: [ '2.0.3' ],
37 silly audit   'hermes-estree': [ '0.25.1' ],
37 silly audit   'hermes-parser': [ '0.25.1' ],
37 silly audit   'icu-minify': [ '4.11.0' ],
37 silly audit   'import-fresh': [ '3.3.1' ],
37 silly audit   imurmurhash: [ '0.1.4' ],
37 silly audit   'internal-slot': [ '1.1.0' ],
37 silly audit   internmap: [ '2.0.3' ],
37 silly audit   'intl-messageformat': [ '11.2.3' ],
37 silly audit   'is-array-buffer': [ '3.0.5' ],
37 silly audit   'is-async-function': [ '2.1.1' ],
37 silly audit   'is-bigint': [ '1.1.0' ],
37 silly audit   'is-boolean-object': [ '1.2.2' ],
37 silly audit   'is-bun-module': [ '2.0.0' ],
37 silly audit   'is-callable': [ '1.2.7' ],
37 silly audit   'is-core-module': [ '2.16.1' ],
37 silly audit   'is-data-view': [ '1.0.2' ],
37 silly audit   'is-date-object': [ '1.1.0' ],
37 silly audit   'is-extglob': [ '2.1.1' ],
37 silly audit   'is-finalizationregistry': [ '1.1.1' ],
37 silly audit   'is-generator-function': [ '1.1.2' ],
37 silly audit   'is-glob': [ '4.0.3' ],
37 silly audit   'is-map': [ '2.0.3' ],
37 silly audit   'is-negative-zero': [ '2.0.3' ],
37 silly audit   'is-number': [ '7.0.0' ],
37 silly audit   'is-number-object': [ '1.1.1' ],
37 silly audit   'is-regex': [ '1.2.1' ],
37 silly audit   'is-set': [ '2.0.3' ],
37 silly audit   'is-shared-array-buffer': [ '1.0.4' ],
37 silly audit   'is-string': [ '1.1.1' ],
37 silly audit   'is-symbol': [ '1.1.1' ],
37 silly audit   'is-typed-array': [ '1.1.15' ],
37 silly audit   'is-weakmap': [ '2.0.2' ],
37 silly audit   'is-weakref': [ '1.1.1' ],
37 silly audit   'is-weakset': [ '2.0.4' ],
37 silly audit   isarray: [ '2.0.5' ],
37 silly audit   isexe: [ '2.0.0' ],
37 silly audit   'iterator.prototype': [ '1.1.5' ],
37 silly audit   jiti: [ '2.6.1' ],
37 silly audit   'js-tokens': [ '4.0.0' ],
37 silly audit   'js-yaml': [ '4.1.1' ],
37 silly audit   jsesc: [ '3.1.0' ],
37 silly audit   'json-buffer': [ '3.0.1' ],
37 silly audit   'json-schema-traverse': [ '0.4.1' ],
37 silly audit   'json-stable-stringify-without-jsonify': [ '1.0.1' ],
37 silly audit   json5: [ '2.2.3', '1.0.2' ],
37 silly audit   'jsx-ast-utils': [ '3.3.5' ],
37 silly audit   keyv: [ '4.5.4' ],
37 silly audit   'language-subtag-registry': [ '0.3.23' ],
37 silly audit   'language-tags': [ '1.0.9' ],
37 silly audit   levn: [ '0.4.1' ],
37 silly audit   lightningcss: [ '1.32.0' ],
37 silly audit   'lightningcss-android-arm64': [ '1.32.0' ],
37 silly audit   'lightningcss-darwin-arm64': [ '1.32.0' ],
37 silly audit   'lightningcss-darwin-x64': [ '1.32.0' ],
37 silly audit   'lightningcss-freebsd-x64': [ '1.32.0' ],
37 silly audit   'lightningcss-linux-arm-gnueabihf': [ '1.32.0' ],
37 silly audit   'lightningcss-linux-arm64-gnu': [ '1.32.0' ],
37 silly audit   'lightningcss-linux-arm64-musl': [ '1.32.0' ],
37 silly audit   'lightningcss-linux-x64-gnu': [ '1.32.0' ],
37 silly audit   'lightningcss-linux-x64-musl': [ '1.32.0' ],
37 silly audit   'lightningcss-win32-arm64-msvc': [ '1.32.0' ],
37 silly audit   'lightningcss-win32-x64-msvc': [ '1.32.0' ],
37 silly audit   'locate-path': [ '6.0.0' ],
37 silly audit   'lodash.merge': [ '4.6.2' ],
37 silly audit   'loose-envify': [ '1.4.0' ],
37 silly audit   'lru-cache': [ '5.1.1' ],
37 silly audit   'lucide-react': [ '1.14.0' ],
37 silly audit   'magic-string': [ '0.30.21' ],
37 silly audit   'math-intrinsics': [ '1.1.0' ],
37 silly audit   merge2: [ '1.4.1' ],
37 silly audit   micromatch: [ '4.0.8' ],
37 silly audit   minimist: [ '1.2.8' ],
37 silly audit   'motion-dom': [ '12.38.0' ],
37 silly audit   'motion-utils': [ '12.36.0' ],
37 silly audit   ms: [ '2.1.3' ],
37 silly audit   nanoid: [ '3.3.11' ],
37 silly audit   'napi-postinstall': [ '0.3.4' ],
37 silly audit   'natural-compare': [ '1.4.0' ],
37 silly audit   negotiator: [ '1.0.0' ],
37 silly audit   next: [ '16.2.4' ],
37 silly audit   'next-intl': [ '4.11.0' ],
37 silly audit   'next-intl-swc-plugin-extractor': [ '4.11.0' ],
37 silly audit   '@swc/helpers': [ '0.5.15' ],
37 silly audit   postcss: [ '8.4.31', '8.5.10' ],
37 silly audit   'node-addon-api': [ '7.1.1' ],
37 silly audit   'node-exports-info': [ '1.6.0' ],
37 silly audit   'node-releases': [ '2.0.38' ],
37 silly audit   'object-assign': [ '4.1.1' ],
37 silly audit   'object-inspect': [ '1.13.4' ],
37 silly audit   'object-keys': [ '1.1.1' ],
37 silly audit   'object.assign': [ '4.1.7' ],
37 silly audit   'object.entries': [ '1.1.9' ],
37 silly audit   'object.fromentries': [ '2.0.8' ],
37 silly audit   'object.groupby': [ '1.0.3' ],
37 silly audit   'object.values': [ '1.2.1' ],
37 silly audit   optionator: [ '0.9.4' ],
37 silly audit   'own-keys': [ '1.0.1' ],
37 silly audit   'p-limit': [ '3.1.0' ],
37 silly audit   'p-locate': [ '5.0.0' ],
37 silly audit   'parent-module': [ '1.0.1' ],
37 silly audit   'path-exists': [ '4.0.0' ],
37 silly audit   'path-key': [ '3.1.1' ],
37 silly audit   'path-parse': [ '1.0.7' ],
37 silly audit   picocolors: [ '1.1.1' ],
37 silly audit   'po-parser': [ '2.1.1' ],
37 silly audit   'possible-typed-array-names': [ '1.1.0' ],
37 silly audit   'prelude-ls': [ '1.2.1' ],
37 silly audit   'prop-types': [ '15.8.1' ],
37 silly audit   punycode: [ '2.3.1' ],
37 silly audit   'queue-microtask': [ '1.2.3' ],
37 silly audit   react: [ '19.2.4' ],
37 silly audit   'react-dom': [ '19.2.4' ],
37 silly audit   'react-icons': [ '5.6.0' ],
37 silly audit   'react-is': [ '16.13.1' ],
37 silly audit   'react-redux': [ '9.3.0' ],
37 silly audit   redux: [ '5.0.1' ],
37 silly audit   'redux-thunk': [ '3.1.0' ],
37 silly audit   'reflect.getprototypeof': [ '1.0.10' ],
37 silly audit   'regexp.prototype.flags': [ '1.5.4' ],
37 silly audit   reselect: [ '5.1.1' ],
37 silly audit   resolve: [ '2.0.0-next.6' ],
37 silly audit   'resolve-from': [ '4.0.0' ],
37 silly audit   'resolve-pkg-maps': [ '1.0.0' ],
37 silly audit   reusify: [ '1.1.0' ],
37 silly audit   'run-parallel': [ '1.2.0' ],
37 silly audit   'safe-array-concat': [ '1.1.4' ],
37 silly audit   'safe-push-apply': [ '1.0.0' ],
37 silly audit   'safe-regex-test': [ '1.1.0' ],
37 silly audit   scheduler: [ '0.27.0' ],
37 silly audit   'set-function-length': [ '1.2.2' ],
37 silly audit   'set-function-name': [ '2.0.2' ],
37 silly audit   'set-proto': [ '1.0.0' ],
37 silly audit   sharp: [ '0.34.5' ],
37 silly audit   'shebang-command': [ '2.0.0' ],
37 silly audit   'shebang-regex': [ '3.0.0' ],
37 silly audit   'side-channel': [ '1.1.0' ],
37 silly audit   'side-channel-list': [ '1.0.1' ],
37 silly audit   'side-channel-map': [ '1.0.1' ],
37 silly audit   'side-channel-weakmap': [ '1.0.2' ],
37 silly audit   'source-map-js': [ '1.2.1' ],
37 silly audit   ssf: [ '0.11.2' ],
37 silly audit   'stable-hash': [ '0.0.5' ],
37 silly audit   'stop-iteration-iterator': [ '1.1.0' ],
37 silly audit   'string.prototype.includes': [ '2.0.1' ],
37 silly audit   'string.prototype.matchall': [ '4.0.12' ],
37 silly audit   'string.prototype.repeat': [ '1.0.0' ],
37 silly audit   'string.prototype.trim': [ '1.2.10' ],
37 silly audit   'string.prototype.trimend': [ '1.0.9' ],
37 silly audit   'string.prototype.trimstart': [ '1.0.8' ],
37 silly audit   'strip-bom': [ '3.0.0' ],
37 silly audit   'strip-json-comments': [ '3.1.1' ],
37 silly audit   'styled-jsx': [ '5.1.6' ],
37 silly audit   'supports-color': [ '7.2.0' ],
37 silly audit   'supports-preserve-symlinks-flag': [ '1.0.0' ],
37 silly audit   'tailwind-merge': [ '3.5.0' ],
37 silly audit   tailwindcss: [ '4.2.4' ],
37 silly audit   tapable: [ '2.3.3' ],
37 silly audit   'tiny-invariant': [ '1.3.3' ],
37 silly audit   tinyglobby: [ '0.2.16' ],
37 silly audit   fdir: [ '6.5.0' ],
37 silly audit   'to-regex-range': [ '5.0.1' ],
37 silly audit   'ts-api-utils': [ '2.5.0' ],
37 silly audit   'tsconfig-paths': [ '3.15.0' ],
37 silly audit   tslib: [ '2.8.1' ],
37 silly audit   'type-check': [ '0.4.0' ],
37 silly audit   'typed-array-buffer': [ '1.0.3' ],
37 silly audit   'typed-array-byte-length': [ '1.0.3' ],
37 silly audit   'typed-array-byte-offset': [ '1.0.4' ],
37 silly audit   'typed-array-length': [ '1.0.7' ],
37 silly audit   typescript: [ '5.9.3' ],
37 silly audit   'typescript-eslint': [ '8.59.0' ],
37 silly audit   'unbox-primitive': [ '1.1.0' ],
37 silly audit   'undici-types': [ '6.21.0' ],
37 silly audit   'unrs-resolver': [ '1.11.1' ],
37 silly audit   'update-browserslist-db': [ '1.2.3' ],
37 silly audit   'uri-js': [ '4.4.1' ],
37 silly audit   'use-intl': [ '4.11.0' ],
37 silly audit   'use-sync-external-store': [ '1.6.0' ],
37 silly audit   'victory-vendor': [ '37.3.6' ],
37 silly audit   which: [ '2.0.2' ],
37 silly audit   'which-boxed-primitive': [ '1.1.1' ],
37 silly audit   'which-builtin-type': [ '1.2.1' ],
37 silly audit   'which-collection': [ '1.0.2' ],
37 silly audit   'which-typed-array': [ '1.1.20' ],
37 silly audit   wmf: [ '1.0.2' ],
37 silly audit   word: [ '0.3.0' ],
37 silly audit   'word-wrap': [ '1.2.5' ],
37 silly audit   yallist: [ '3.1.1' ],
37 silly audit   'yocto-queue': [ '0.1.0' ],
37 silly audit   zod: [ '4.3.6' ],
37 silly audit   'zod-validation-error': [ '4.0.2' ],
37 silly audit   recharts: [ '3.8.1' ],
37 silly audit   xlsx: [ '0.18.5' ]
37 silly audit }
38 http cache xlsx@https://registry.npmjs.org/xlsx/-/xlsx-0.18.5.tgz 0ms (cache hit)
39 http cache word@https://registry.npmjs.org/word/-/word-0.3.0.tgz 0ms (cache hit)
40 http cache recharts@https://registry.npmjs.org/recharts/-/recharts-3.8.1.tgz 0ms (cache hit)
41 http cache wmf@https://registry.npmjs.org/wmf/-/wmf-1.0.2.tgz 0ms (cache hit)
42 http cache use-sync-external-store@https://registry.npmjs.org/use-sync-external-store/-/use-sync-external-store-1.6.0.tgz 0ms (cache hit)
43 http cache reselect@https://registry.npmjs.org/reselect/-/reselect-5.1.1.tgz 0ms (cache hit)
44 http cache victory-vendor@https://registry.npmjs.org/victory-vendor/-/victory-vendor-37.3.6.tgz 0ms (cache hit)
45 http cache redux-thunk@https://registry.npmjs.org/redux-thunk/-/redux-thunk-3.1.0.tgz 0ms (cache hit)
46 http cache ssf@https://registry.npmjs.org/ssf/-/ssf-0.11.2.tgz 0ms (cache hit)
47 http cache redux@https://registry.npmjs.org/redux/-/redux-5.0.1.tgz 0ms (cache hit)
48 http cache react-redux@https://registry.npmjs.org/react-redux/-/react-redux-9.3.0.tgz 0ms (cache hit)
49 http cache internmap@https://registry.npmjs.org/internmap/-/internmap-2.0.3.tgz 0ms (cache hit)
50 http cache frac@https://registry.npmjs.org/frac/-/frac-1.1.2.tgz 0ms (cache hit)
51 http cache immer@https://registry.npmjs.org/immer/-/immer-10.2.0.tgz 0ms (cache hit)
52 http cache eventemitter3@https://registry.npmjs.org/eventemitter3/-/eventemitter3-5.0.4.tgz 0ms (cache hit)
53 http cache es-toolkit@https://registry.npmjs.org/es-toolkit/-/es-toolkit-1.47.0.tgz 0ms (cache hit)
54 http cache decimal.js-light@https://registry.npmjs.org/decimal.js-light/-/decimal.js-light-2.5.1.tgz 0ms (cache hit)
55 http cache d3-timer@https://registry.npmjs.org/d3-timer/-/d3-timer-3.0.1.tgz 0ms (cache hit)
56 http cache d3-time-format@https://registry.npmjs.org/d3-time-format/-/d3-time-format-4.1.0.tgz 0ms (cache hit)
57 http cache d3-time@https://registry.npmjs.org/d3-time/-/d3-time-3.1.0.tgz 0ms (cache hit)
58 http cache d3-shape@https://registry.npmjs.org/d3-shape/-/d3-shape-3.2.0.tgz 0ms (cache hit)
59 http cache d3-interpolate@https://registry.npmjs.org/d3-interpolate/-/d3-interpolate-3.0.1.tgz 0ms (cache hit)
60 http cache d3-scale@https://registry.npmjs.org/d3-scale/-/d3-scale-4.0.2.tgz 0ms (cache hit)
61 http cache d3-format@https://registry.npmjs.org/d3-format/-/d3-format-3.1.2.tgz 0ms (cache hit)
62 http cache d3-ease@https://registry.npmjs.org/d3-ease/-/d3-ease-3.0.1.tgz 0ms (cache hit)
63 http cache tiny-invariant@https://registry.npmjs.org/tiny-invariant/-/tiny-invariant-1.3.3.tgz 0ms (cache hit)
64 http cache d3-color@https://registry.npmjs.org/d3-color/-/d3-color-3.1.0.tgz 0ms (cache hit)
65 http cache d3-array@https://registry.npmjs.org/d3-array/-/d3-array-3.2.4.tgz 0ms (cache hit)
66 http cache codepage@https://registry.npmjs.org/codepage/-/codepage-1.15.0.tgz 0ms (cache hit)
67 http cache d3-path@https://registry.npmjs.org/d3-path/-/d3-path-3.1.0.tgz 0ms (cache hit)
68 http cache crc-32@https://registry.npmjs.org/crc-32/-/crc-32-1.2.2.tgz 0ms (cache hit)
69 http cache cfb@https://registry.npmjs.org/cfb/-/cfb-1.2.2.tgz 0ms (cache hit)
70 http cache @types/use-sync-external-store@https://registry.npmjs.org/@types/use-sync-external-store/-/use-sync-external-store-0.0.6.tgz 0ms (cache hit)
71 http cache @types/d3-time@https://registry.npmjs.org/@types/d3-time/-/d3-time-3.0.4.tgz 0ms (cache hit)
72 http cache @types/d3-timer@https://registry.npmjs.org/@types/d3-timer/-/d3-timer-3.0.2.tgz 0ms (cache hit)
73 http cache @types/d3-shape@https://registry.npmjs.org/@types/d3-shape/-/d3-shape-3.1.8.tgz 0ms (cache hit)
74 http cache @types/d3-scale@https://registry.npmjs.org/@types/d3-scale/-/d3-scale-4.0.9.tgz 0ms (cache hit)
75 http cache adler-32@https://registry.npmjs.org/adler-32/-/adler-32-1.3.1.tgz 0ms (cache hit)
76 http cache @types/d3-ease@https://registry.npmjs.org/@types/d3-ease/-/d3-ease-3.0.2.tgz 0ms (cache hit)
77 http cache @types/d3-color@https://registry.npmjs.org/@types/d3-color/-/d3-color-3.1.3.tgz 0ms (cache hit)
78 http cache @types/d3-interpolate@https://registry.npmjs.org/@types/d3-interpolate/-/d3-interpolate-3.0.4.tgz 0ms (cache hit)
79 http cache @types/d3-path@https://registry.npmjs.org/@types/d3-path/-/d3-path-3.1.1.tgz 0ms (cache hit)
80 http cache @types/d3-array@https://registry.npmjs.org/@types/d3-array/-/d3-array-3.2.2.tgz 0ms (cache hit)
81 http cache @tanstack/virtual-core@https://registry.npmjs.org/@tanstack/virtual-core/-/virtual-core-3.17.0.tgz 0ms (cache hit)
82 http cache @tanstack/react-virtual@https://registry.npmjs.org/@tanstack/react-virtual/-/react-virtual-3.14.2.tgz 0ms (cache hit)
83 http cache @standard-schema/spec@https://registry.npmjs.org/@standard-schema/spec/-/spec-1.1.0.tgz 0ms (cache hit)
84 http cache @reduxjs/toolkit@https://registry.npmjs.org/@reduxjs/toolkit/-/toolkit-2.12.0.tgz 0ms (cache hit)
85 http cache @standard-schema/utils@https://registry.npmjs.org/@standard-schema/utils/-/utils-0.3.0.tgz 0ms (cache hit)
86 http cache immer@https://registry.npmjs.org/immer/-/immer-11.1.8.tgz 0ms (cache hit)
87 silly tarball no local data for xlsx@https://registry.npmjs.org/xlsx/-/xlsx-0.18.5.tgz. Extracting by manifest.
88 silly tarball no local data for word@https://registry.npmjs.org/word/-/word-0.3.0.tgz. Extracting by manifest.
89 silly tarball no local data for recharts@https://registry.npmjs.org/recharts/-/recharts-3.8.1.tgz. Extracting by manifest.
90 silly tarball no local data for wmf@https://registry.npmjs.org/wmf/-/wmf-1.0.2.tgz. Extracting by manifest.
91 silly tarball no local data for use-sync-external-store@https://registry.npmjs.org/use-sync-external-store/-/use-sync-external-store-1.6.0.tgz. Extracting by manifest.
92 silly tarball no local data for reselect@https://registry.npmjs.org/reselect/-/reselect-5.1.1.tgz. Extracting by manifest.
93 silly tarball no local data for victory-vendor@https://registry.npmjs.org/victory-vendor/-/victory-vendor-37.3.6.tgz. Extracting by manifest.
94 silly tarball no local data for redux-thunk@https://registry.npmjs.org/redux-thunk/-/redux-thunk-3.1.0.tgz. Extracting by manifest.
95 silly tarball no local data for ssf@https://registry.npmjs.org/ssf/-/ssf-0.11.2.tgz. Extracting by manifest.
96 silly tarball no local data for redux@https://registry.npmjs.org/redux/-/redux-5.0.1.tgz. Extracting by manifest.
97 silly tarball no local data for react-redux@https://registry.npmjs.org/react-redux/-/react-redux-9.3.0.tgz. Extracting by manifest.
98 silly tarball no local data for internmap@https://registry.npmjs.org/internmap/-/internmap-2.0.3.tgz. Extracting by manifest.
99 silly tarball no local data for frac@https://registry.npmjs.org/frac/-/frac-1.1.2.tgz. Extracting by manifest.
100 silly tarball no local data for immer@https://registry.npmjs.org/immer/-/immer-10.2.0.tgz. Extracting by manifest.
101 silly tarball no local data for eventemitter3@https://registry.npmjs.org/eventemitter3/-/eventemitter3-5.0.4.tgz. Extracting by manifest.
102 silly tarball no local data for es-toolkit@https://registry.npmjs.org/es-toolkit/-/es-toolkit-1.47.0.tgz. Extracting by manifest.
103 silly tarball no local data for decimal.js-light@https://registry.npmjs.org/decimal.js-light/-/decimal.js-light-2.5.1.tgz. Extracting by manifest.
104 silly tarball no local data for d3-timer@https://registry.npmjs.org/d3-timer/-/d3-timer-3.0.1.tgz. Extracting by manifest.
105 silly tarball no local data for d3-time-format@https://registry.npmjs.org/d3-time-format/-/d3-time-format-4.1.0.tgz. Extracting by manifest.
106 silly tarball no local data for d3-time@https://registry.npmjs.org/d3-time/-/d3-time-3.1.0.tgz. Extracting by manifest.
107 silly tarball no local data for d3-shape@https://registry.npmjs.org/d3-shape/-/d3-shape-3.2.0.tgz. Extracting by manifest.
108 silly tarball no local data for d3-interpolate@https://registry.npmjs.org/d3-interpolate/-/d3-interpolate-3.0.1.tgz. Extracting by manifest.
109 silly tarball no local data for d3-scale@https://registry.npmjs.org/d3-scale/-/d3-scale-4.0.2.tgz. Extracting by manifest.
110 silly tarball no local data for d3-format@https://registry.npmjs.org/d3-format/-/d3-format-3.1.2.tgz. Extracting by manifest.
111 silly tarball no local data for d3-ease@https://registry.npmjs.org/d3-ease/-/d3-ease-3.0.1.tgz. Extracting by manifest.
112 silly tarball no local data for tiny-invariant@https://registry.npmjs.org/tiny-invariant/-/tiny-invariant-1.3.3.tgz. Extracting by manifest.
113 silly tarball no local data for d3-color@https://registry.npmjs.org/d3-color/-/d3-color-3.1.0.tgz. Extracting by manifest.
114 silly tarball no local data for d3-array@https://registry.npmjs.org/d3-array/-/d3-array-3.2.4.tgz. Extracting by manifest.
115 silly tarball no local data for codepage@https://registry.npmjs.org/codepage/-/codepage-1.15.0.tgz. Extracting by manifest.
116 silly tarball no local data for d3-path@https://registry.npmjs.org/d3-path/-/d3-path-3.1.0.tgz. Extracting by manifest.
117 silly tarball no local data for crc-32@https://registry.npmjs.org/crc-32/-/crc-32-1.2.2.tgz. Extracting by manifest.
118 silly tarball no local data for cfb@https://registry.npmjs.org/cfb/-/cfb-1.2.2.tgz. Extracting by manifest.
119 silly tarball no local data for @types/use-sync-external-store@https://registry.npmjs.org/@types/use-sync-external-store/-/use-sync-external-store-0.0.6.tgz. Extracting by manifest.
120 silly tarball no local data for @types/d3-time@https://registry.npmjs.org/@types/d3-time/-/d3-time-3.0.4.tgz. Extracting by manifest.
121 silly tarball no local data for @types/d3-timer@https://registry.npmjs.org/@types/d3-timer/-/d3-timer-3.0.2.tgz. Extracting by manifest.
122 silly tarball no local data for @types/d3-shape@https://registry.npmjs.org/@types/d3-shape/-/d3-shape-3.1.8.tgz. Extracting by manifest.
123 silly tarball no local data for @types/d3-scale@https://registry.npmjs.org/@types/d3-scale/-/d3-scale-4.0.9.tgz. Extracting by manifest.
124 silly tarball no local data for adler-32@https://registry.npmjs.org/adler-32/-/adler-32-1.3.1.tgz. Extracting by manifest.
125 silly tarball no local data for @types/d3-ease@https://registry.npmjs.org/@types/d3-ease/-/d3-ease-3.0.2.tgz. Extracting by manifest.
126 silly tarball no local data for @types/d3-color@https://registry.npmjs.org/@types/d3-color/-/d3-color-3.1.3.tgz. Extracting by manifest.
127 silly tarball no local data for @types/d3-interpolate@https://registry.npmjs.org/@types/d3-interpolate/-/d3-interpolate-3.0.4.tgz. Extracting by manifest.
128 silly tarball no local data for @types/d3-path@https://registry.npmjs.org/@types/d3-path/-/d3-path-3.1.1.tgz. Extracting by manifest.
129 silly tarball no local data for @types/d3-array@https://registry.npmjs.org/@types/d3-array/-/d3-array-3.2.2.tgz. Extracting by manifest.
130 silly tarball no local data for @tanstack/virtual-core@https://registry.npmjs.org/@tanstack/virtual-core/-/virtual-core-3.17.0.tgz. Extracting by manifest.
131 silly tarball no local data for @tanstack/react-virtual@https://registry.npmjs.org/@tanstack/react-virtual/-/react-virtual-3.14.2.tgz. Extracting by manifest.
132 silly tarball no local data for @standard-schema/spec@https://registry.npmjs.org/@standard-schema/spec/-/spec-1.1.0.tgz. Extracting by manifest.
133 silly tarball no local data for @reduxjs/toolkit@https://registry.npmjs.org/@reduxjs/toolkit/-/toolkit-2.12.0.tgz. Extracting by manifest.
134 silly tarball no local data for @standard-schema/utils@https://registry.npmjs.org/@standard-schema/utils/-/utils-0.3.0.tgz. Extracting by manifest.
135 silly tarball no local data for immer@https://registry.npmjs.org/immer/-/immer-11.1.8.tgz. Extracting by manifest.
136 http fetch GET 200 https://registry.npmjs.org/use-sync-external-store/-/use-sync-external-store-1.6.0.tgz 519ms (cache miss)
137 http fetch GET 200 https://registry.npmjs.org/internmap/-/internmap-2.0.3.tgz 522ms (cache miss)
138 http fetch POST 200 https://registry.npmjs.org/-/npm/v1/security/advisories/bulk 535ms
139 silly audit report {
139 silly audit report   'brace-expansion': [
139 silly audit report     {
139 silly audit report       id: 1119088,
139 silly audit report       url: 'https://github.com/advisories/GHSA-jxxr-4gwj-5jf2',
139 silly audit report       title: 'brace-expansion: Large numeric range defeats documented `max` DoS protection',
139 silly audit report       severity: 'moderate',
139 silly audit report       vulnerable_versions: '>=5.0.0 <5.0.6',
139 silly audit report       cwe: [Array],
139 silly audit report       cvss: [Object]
139 silly audit report     }
139 silly audit report   ],
139 silly audit report   next: [
139 silly audit report     {
139 silly audit report       id: 1117930,
139 silly audit report       url: 'https://github.com/advisories/GHSA-8h8q-6873-q5fj',
139 silly audit report       title: 'Next.js Vulnerable to Denial of Service with Server Components',
139 silly audit report       severity: 'high',
139 silly audit report       vulnerable_versions: '>=16.0.0 <16.2.5',
139 silly audit report       cwe: [Array],
139 silly audit report       cvss: [Object]
139 silly audit report     },
139 silly audit report     {
139 silly audit report       id: 1118938,
139 silly audit report       url: 'https://github.com/advisories/GHSA-26hh-7cqf-hhc6',
139 silly audit report       title: 'Next.js has a Middleware / Proxy bypass in App Router applications via segment-prefetch routes - Incomplete Fix Follow-Up',
139 silly audit report       severity: 'high',
139 silly audit report       vulnerable_versions: '>=16.0.0 <16.2.6',
139 silly audit report       cwe: [Array],
139 silly audit report       cvss: [Object]
139 silly audit report     },
139 silly audit report     {
139 silly audit report       id: 1118941,
139 silly audit report       url: 'https://github.com/advisories/GHSA-3g8h-86w9-wvmq',
139 silly audit report       title: "Next.js's Middleware / Proxy redirects can be cache-poisoned",
139 silly audit report       severity: 'low',
139 silly audit report       vulnerable_versions: '>=16.0.0 <16.2.5',
139 silly audit report       cwe: [Array],
139 silly audit report       cvss: [Object]
139 silly audit report     },
139 silly audit report     {
139 silly audit report       id: 1118943,
139 silly audit report       url: 'https://github.com/advisories/GHSA-ffhc-5mcf-pf4q',
139 silly audit report       title: 'Next.js vulnerable to cross-site scripting in App Router applications using CSP nonces',
139 silly audit report       severity: 'moderate',
139 silly audit report       vulnerable_versions: '>=16.0.0 <16.2.5',
139 silly audit report       cwe: [Array],
139 silly audit report       cvss: [Object]
139 silly audit report     },
139 silly audit report     {
139 silly audit report       id: 1118945,
139 silly audit report       url: 'https://github.com/advisories/GHSA-vfv6-92ff-j949',
139 silly audit report       title: 'Next.js vulnerable to cache poisoning via collisions in React Server Component cache-busting',
139 silly audit report       severity: 'low',
139 silly audit report       vulnerable_versions: '>=16.0.0 <16.2.5',
139 silly audit report       cwe: [Array],
139 silly audit report       cvss: [Object]
139 silly audit report     },
139 silly audit report     {
139 silly audit report       id: 1118947,
139 silly audit report       url: 'https://github.com/advisories/GHSA-gx5p-jg67-6x7h',
139 silly audit report       title: 'Next.js has cross-site scripting in beforeInteractive scripts with untrusted input',
139 silly audit report       severity: 'moderate',
139 silly audit report       vulnerable_versions: '>=16.0.0 <16.2.5',
139 silly audit report       cwe: [Array],
139 silly audit report       cvss: [Object]
139 silly audit report     },
139 silly audit report     {
139 silly audit report       id: 1118949,
139 silly audit report       url: 'https://github.com/advisories/GHSA-mg66-mrh9-m8jx',
139 silly audit report       title: 'Next.js vulnerable to Denial of Service via connection exhaustion in applications using Cache Components',
139 silly audit report       severity: 'high',
139 silly audit report       vulnerable_versions: '>=16.0.0 <16.2.5',
139 silly audit report       cwe: [Array],
139 silly audit report       cvss: [Object]
139 silly audit report     },
139 silly audit report     {
139 silly audit report       id: 1118951,
139 silly audit report       url: 'https://github.com/advisories/GHSA-h64f-5h5j-jqjh',
139 silly audit report       title: 'Next.js has a Denial of Service in the Image Optimization API',
139 silly audit report       severity: 'moderate',
139 silly audit report       vulnerable_versions: '>=16.0.0 <16.2.5',
139 silly audit report       cwe: [Array],
139 silly audit report       cvss: [Object]
139 silly audit report     },
139 silly audit report     {
139 silly audit report       id: 1118953,
139 silly audit report       url: 'https://github.com/advisories/GHSA-c4j6-fc7j-m34r',
139 silly audit report       title: 'Next.js vulnerable to server-side request forgery in applications using WebSocket upgrades',
139 silly audit report       severity: 'high',
139 silly audit report       vulnerable_versions: '>=16.0.0 <16.2.5',
139 silly audit report       cwe: [Array],
139 silly audit report       cvss: [Object]
139 silly audit report     },
139 silly audit report     {
139 silly audit report       id: 1118955,
139 silly audit report       url: 'https://github.com/advisories/GHSA-492v-c6pp-mqqv',
139 silly audit report       title: 'Next.js has a Middleware / Proxy bypass through dynamic route parameter injection',
139 silly audit report       severity: 'high',
139 silly audit report       vulnerable_versions: '>=16.0.0 <16.2.5',
139 silly audit report       cwe: [Array],
139 silly audit report       cvss: [Object]
139 silly audit report     },
139 silly audit report     {
139 silly audit report       id: 1118957,
139 silly audit report       url: 'https://github.com/advisories/GHSA-wfc6-r584-vfw7',
139 silly audit report       title: 'Next.js vulnerable to cache poisoning in React Server Component responses',
139 silly audit report       severity: 'moderate',
139 silly audit report       vulnerable_versions: '>=16.0.0 <16.2.5',
139 silly audit report       cwe: [Array],
139 silly audit report       cvss: [Object]
139 silly audit report     },
139 silly audit report     {
139 silly audit report       id: 1118959,
139 silly audit report       url: 'https://github.com/advisories/GHSA-267c-6grr-h53f',
139 silly audit report       title: 'Next.js has a Middleware / Proxy bypass in App Router applications via segment-prefetch routes',
139 silly audit report       severity: 'high',
139 silly audit report       vulnerable_versions: '>=16.0.0 <16.2.5',
139 silly audit report       cwe: [Array],
139 silly audit report       cvss: [Object]
139 silly audit report     },
139 silly audit report     {
139 silly audit report       id: 1118961,
139 silly audit report       url: 'https://github.com/advisories/GHSA-36qx-fr4f-26g5',
139 silly audit report       title: 'Next.js has a Middleware / Proxy bypass in Pages Router applications using i18n',
139 silly audit report       severity: 'high',
139 silly audit report       vulnerable_versions: '>=16.0.0 <16.2.5',
139 silly audit report       cwe: [Array],
139 silly audit report       cvss: [Object]
139 silly audit report     }
139 silly audit report   ],
139 silly audit report   postcss: [
139 silly audit report     {
139 silly audit report       id: 1117015,
139 silly audit report       url: 'https://github.com/advisories/GHSA-qx2v-qp2m-jg93',
139 silly audit report       title: 'PostCSS has XSS via Unescaped </style> in its CSS Stringify Output',
139 silly audit report       severity: 'moderate',
139 silly audit report       vulnerable_versions: '<8.5.10',
139 silly audit report       cwe: [Array],
139 silly audit report       cvss: [Object]
139 silly audit report     }
139 silly audit report   ],
139 silly audit report   xlsx: [
139 silly audit report     {
139 silly audit report       id: 1108110,
139 silly audit report       url: 'https://github.com/advisories/GHSA-4r6h-8v6p-xvw6',
139 silly audit report       title: 'Prototype Pollution in sheetJS',
139 silly audit report       severity: 'high',
139 silly audit report       vulnerable_versions: '<0.19.3',
139 silly audit report       cwe: [Array],
139 silly audit report       cvss: [Object]
139 silly audit report     },
139 silly audit report     {
139 silly audit report       id: 1108111,
139 silly audit report       url: 'https://github.com/advisories/GHSA-5pgg-2g8v-p4x9',
139 silly audit report       title: 'SheetJS Regular Expression Denial of Service (ReDoS)',
139 silly audit report       severity: 'high',
139 silly audit report       vulnerable_versions: '<0.20.2',
139 silly audit report       cwe: [Array],
139 silly audit report       cvss: [Object]
139 silly audit report     }
139 silly audit report   ]
139 silly audit report }
140 silly packumentCache corgi:https://registry.npmjs.org/brace-expansion cache-miss
141 silly packumentCache corgi:https://registry.npmjs.org/next cache-miss
142 silly packumentCache corgi:https://registry.npmjs.org/postcss cache-miss
143 silly packumentCache corgi:https://registry.npmjs.org/xlsx cache-miss
144 http fetch GET 200 https://registry.npmjs.org/redux-thunk/-/redux-thunk-3.1.0.tgz 531ms (cache miss)
145 http fetch GET 200 https://registry.npmjs.org/redux/-/redux-5.0.1.tgz 558ms (cache miss)
146 http fetch GET 200 https://registry.npmjs.org/victory-vendor/-/victory-vendor-37.3.6.tgz 600ms (cache miss)
147 http fetch GET 200 https://registry.npmjs.org/d3-timer/-/d3-timer-3.0.1.tgz 653ms (cache miss)
148 http fetch GET 200 https://registry.npmjs.org/wmf/-/wmf-1.0.2.tgz 660ms (cache miss)
149 http fetch GET 200 https://registry.npmjs.org/decimal.js-light/-/decimal.js-light-2.5.1.tgz 691ms (cache miss)
150 http fetch GET 200 https://registry.npmjs.org/d3-time-format/-/d3-time-format-4.1.0.tgz 697ms (cache miss)
151 http fetch GET 200 https://registry.npmjs.org/d3-time/-/d3-time-3.1.0.tgz 723ms (cache miss)
152 http fetch GET 200 https://registry.npmjs.org/react-redux/-/react-redux-9.3.0.tgz 729ms (cache miss)
153 http fetch GET 200 https://registry.npmjs.org/frac/-/frac-1.1.2.tgz 756ms (cache miss)
154 http fetch GET 200 https://registry.npmjs.org/ssf/-/ssf-0.11.2.tgz 758ms (cache miss)
155 http fetch GET 200 https://registry.npmjs.org/d3-shape/-/d3-shape-3.2.0.tgz 793ms (cache miss)
156 http fetch GET 200 https://registry.npmjs.org/d3-interpolate/-/d3-interpolate-3.0.1.tgz 818ms (cache miss)
157 http fetch GET 200 https://registry.npmjs.org/word/-/word-0.3.0.tgz 858ms (cache miss)
158 http fetch GET 200 https://registry.npmjs.org/d3-scale/-/d3-scale-4.0.2.tgz 895ms (cache miss)
159 http fetch GET 200 https://registry.npmjs.org/d3-ease/-/d3-ease-3.0.1.tgz 939ms (cache miss)
160 http fetch GET 200 https://registry.npmjs.org/reselect/-/reselect-5.1.1.tgz 956ms (cache miss)
161 http fetch GET 200 https://registry.npmjs.org/tiny-invariant/-/tiny-invariant-1.3.3.tgz 979ms (cache miss)
162 http fetch GET 200 https://registry.npmjs.org/d3-color/-/d3-color-3.1.0.tgz 993ms (cache miss)
163 http fetch GET 200 https://registry.npmjs.org/eventemitter3/-/eventemitter3-5.0.4.tgz 1009ms (cache miss)
164 http fetch GET 200 https://registry.npmjs.org/d3-array/-/d3-array-3.2.4.tgz 1028ms (cache miss)
165 http fetch GET 200 https://registry.npmjs.org/d3-path/-/d3-path-3.1.0.tgz 1073ms (cache miss)
166 http fetch GET 200 https://registry.npmjs.org/crc-32/-/crc-32-1.2.2.tgz 1113ms (cache miss)
167 http fetch GET 200 https://registry.npmjs.org/d3-format/-/d3-format-3.1.2.tgz 1170ms (cache miss)
168 http fetch GET 200 https://registry.npmjs.org/immer/-/immer-10.2.0.tgz 1182ms (cache miss)
169 http fetch GET 200 https://registry.npmjs.org/cfb/-/cfb-1.2.2.tgz 1193ms (cache miss)
170 http fetch GET 200 https://registry.npmjs.org/es-toolkit/-/es-toolkit-1.47.0.tgz 1198ms (cache miss)
171 http fetch GET 200 https://registry.npmjs.org/adler-32/-/adler-32-1.3.1.tgz 1280ms (cache miss)
172 http fetch GET 200 https://registry.npmjs.org/recharts/-/recharts-3.8.1.tgz 1379ms (cache miss)
173 http fetch GET 200 https://registry.npmjs.org/@types/use-sync-external-store/-/use-sync-external-store-0.0.6.tgz 1456ms (cache miss)
174 http fetch GET 200 https://registry.npmjs.org/@types/d3-time/-/d3-time-3.0.4.tgz 1455ms (cache miss)
175 http fetch GET 200 https://registry.npmjs.org/@types/d3-shape/-/d3-shape-3.1.8.tgz 1485ms (cache miss)
176 http fetch GET 200 https://registry.npmjs.org/@types/d3-timer/-/d3-timer-3.0.2.tgz 1559ms (cache miss)
177 http fetch GET 200 https://registry.npmjs.org/@types/d3-ease/-/d3-ease-3.0.2.tgz 1585ms (cache miss)
178 http fetch GET 200 https://registry.npmjs.org/@types/d3-color/-/d3-color-3.1.3.tgz 1586ms (cache miss)
179 http fetch GET 200 https://registry.npmjs.org/@types/d3-interpolate/-/d3-interpolate-3.0.4.tgz 1655ms (cache miss)
180 http fetch GET 200 https://registry.npmjs.org/codepage/-/codepage-1.15.0.tgz 1697ms (cache miss)
181 http fetch GET 200 https://registry.npmjs.org/@types/d3-path/-/d3-path-3.1.1.tgz 1736ms (cache miss)
182 http fetch GET 200 https://registry.npmjs.org/@types/d3-scale/-/d3-scale-4.0.9.tgz 1750ms (cache miss)
183 http fetch GET 200 https://registry.npmjs.org/@types/d3-array/-/d3-array-3.2.2.tgz 1854ms (cache miss)
184 http fetch GET 200 https://registry.npmjs.org/@standard-schema/spec/-/spec-1.1.0.tgz 1878ms (cache miss)
185 http fetch GET 200 https://registry.npmjs.org/postcss 1423ms (cache revalidated)
186 silly packumentCache corgi:https://registry.npmjs.org/postcss set size:344717 disposed:false
187 http fetch GET 200 https://registry.npmjs.org/xlsx 1429ms (cache miss)
188 silly packumentCache corgi:https://registry.npmjs.org/xlsx set size:undefined disposed:false
189 http fetch GET 200 https://registry.npmjs.org/brace-expansion 1432ms (cache revalidated)
190 silly packumentCache corgi:https://registry.npmjs.org/brace-expansion set size:24623 disposed:false
191 http fetch GET 200 https://registry.npmjs.org/@standard-schema/utils/-/utils-0.3.0.tgz 1959ms (cache miss)
192 http fetch GET 200 https://registry.npmjs.org/@tanstack/react-virtual/-/react-virtual-3.14.2.tgz 1978ms (cache miss)
193 http fetch GET 200 https://registry.npmjs.org/@tanstack/virtual-core/-/virtual-core-3.17.0.tgz 2137ms (cache miss)
194 http fetch GET 200 https://registry.npmjs.org/xlsx/-/xlsx-0.18.5.tgz 2254ms (cache miss)
195 http fetch GET 200 https://registry.npmjs.org/immer/-/immer-11.1.8.tgz 2267ms (cache miss)
196 http fetch GET 200 https://registry.npmjs.org/@reduxjs/toolkit/-/toolkit-2.12.0.tgz 3053ms (cache miss)
197 http fetch GET 200 https://registry.npmjs.org/next 2811ms (cache updated)
198 silly packumentCache corgi:https://registry.npmjs.org/next set size:undefined disposed:false
199 silly packumentCache corgi:https://registry.npmjs.org/minimatch cache-miss
200 http fetch GET 200 https://registry.npmjs.org/minimatch 340ms (cache revalidated)
201 silly packumentCache corgi:https://registry.npmjs.org/minimatch set size:168441 disposed:false
202 silly packumentCache corgi:https://registry.npmjs.org/next-intl cache-miss
203 http fetch GET 200 https://registry.npmjs.org/next-intl 340ms (cache revalidated)
204 silly packumentCache corgi:https://registry.npmjs.org/next-intl set size:662923 disposed:false
205 silly ADD node_modules/xlsx
206 silly ADD node_modules/recharts
207 silly ADD node_modules/word
208 silly ADD node_modules/wmf
209 silly ADD node_modules/victory-vendor
210 silly ADD node_modules/use-sync-external-store
211 silly ADD node_modules/tiny-invariant
212 silly ADD node_modules/ssf
213 silly ADD node_modules/reselect
214 silly ADD node_modules/redux-thunk
215 silly ADD node_modules/redux
216 silly ADD node_modules/react-redux
217 silly ADD node_modules/internmap
218 silly ADD node_modules/immer
219 silly ADD node_modules/frac
220 silly ADD node_modules/eventemitter3
221 silly ADD node_modules/es-toolkit
222 silly ADD node_modules/decimal.js-light
223 silly ADD node_modules/d3-timer
224 silly ADD node_modules/d3-time-format
225 silly ADD node_modules/d3-time
226 silly ADD node_modules/d3-shape
227 silly ADD node_modules/d3-scale
228 silly ADD node_modules/d3-path
229 silly ADD node_modules/d3-interpolate
230 silly ADD node_modules/d3-format
231 silly ADD node_modules/d3-ease
232 silly ADD node_modules/d3-color
233 silly ADD node_modules/d3-array
234 silly ADD node_modules/crc-32
235 silly ADD node_modules/codepage
236 silly ADD node_modules/cfb
237 silly ADD node_modules/adler-32
238 silly ADD node_modules/@types/use-sync-external-store
239 silly ADD node_modules/@types/d3-timer
240 silly ADD node_modules/@types/d3-time
241 silly ADD node_modules/@types/d3-shape
242 silly ADD node_modules/@types/d3-scale
243 silly ADD node_modules/@types/d3-path
244 silly ADD node_modules/@types/d3-interpolate
245 silly ADD node_modules/@types/d3-ease
246 silly ADD node_modules/@types/d3-color
247 silly ADD node_modules/@types/d3-array
248 silly ADD node_modules/@tanstack/virtual-core
249 silly ADD node_modules/@tanstack/react-virtual
250 silly ADD node_modules/@standard-schema/utils
251 silly ADD node_modules/@standard-schema/spec
252 silly ADD node_modules/@reduxjs/toolkit
253 silly ADD node_modules/@reduxjs/toolkit/node_modules/immer
254 verbose cwd /Users/sardor/Work/startap/dashboard/Oson-Uy-Dashboard
255 verbose os Darwin 25.4.0
256 verbose node v26.0.0
257 verbose npm  v11.12.1
258 verbose exit 0
259 info ok
